11111111111111111111111111111111111111111111111
2222222222222222222222222222222222222222222222
33333333333333333333333333333333333333333333333
44444444444444444444444444444444444444444444444
qqqqqqqqqqqqqqqqq
wwwwwwwwwww
e
eeeeeeeeee
rrrrr33333333333333333333333333333333333333333333333
44444444444444444444444444444444444444444444444
55555555555555555555555555555555555555555555555
11111111111111111111111111111111111111111111111
2222222222222222222222222222222222222222222222
33333333333333333333333333333333333333333333333
44444444444444444444444444444444444444444444444
55555555555555555555555555555555555555555555555
11111111111111111111111111111111111111111111111
2222222222222222222222222222222222222222222222
33333333333333333333333333333333333333333333333
44444444444444444444444444444444444444444444444
55555555555555555555555555555555555555555555555
11111111111111111111111111111111111111111111111
2222222222222222222222222222222222222222222222
33333333333333333333333333333333333333333333333
44444444444444444444444444444444444444444444444
55555555555555555555555555555555555555555555555
11111111111111111111111111111111111111111111111
2222222222222222222222222222222222222222222222
33333333333333333333333333333333333333333333333
44444444444444444444444444444444444444444444444
55555555555555555555555555555555555555555555555
11111111111111111111111111111111111111111111111
2222222222222222222222222222222222222222222222
33333333333333333333333333333333333333333333333
44444444444444444444444444444444444444444444444
55555555555555555555555555555555555555555555555
11111111111111111111111111111111111111111111111
2222222222222222222222222222222222222222222222
33333333333333333333333333333333333333333333333
44444444444444444444444444444444444444444444444
55555555555555555555555555555555555555555555555
11111111111111111111111111111111111111111111111
2222222222222222222222222222222222222222222222
33333333333333333333333333333333333333333333333
44444444444444444444444444444444444444444444444
55555555555555555555555555555555555555555555555
11111111111111111111111111111111111111111111111
2222222222222222222222222222222222222222222222
33333333333333333333333333333333333333333333333
44444444444444444444444444444444444444444444444
55555555555555555555555555555555555555555555555
11111111111111111111111111111111111111111111111
2222222222222222222222222222222222222222222222
33333333333333333333333333333333333333333333333
44444444444444444444444444444444444444444444444
55555555555555555555555555555555555555555555555
11111111111111111111111111111111111111111111111
2222222222222222222222222222222222222222222222
33333333333333333333333333333333333333333333333
44444444444444444444444444444444444444444444444
55555555555555555555555555555555555555555555555
11111111111111111111111111111111111111111111111
2222222222222222222222222222222222222222222222
33333333333333333333333333333333333333333333333
44444444444444444444444444444444444444444444444
55555555555555555555555555555555555555555555555
11111111111111111111111111111111111111111111111
2222222222222222222222222222222222222222222222
33333333333333333333333333333333333333333333333
44444444444444444444444444444444444444444444444
55555555555555555555555555555555555555555555555
11111111111111111111111111111111111111111111111
2222222222222222222222222222222222222222222222
33333333333333333333333333333333333333333333333
44444444444444444444444444444444444444444444444
55555555555555555555555555555555555555555555555
11111111111111111111111111111111111111111111111
2222222222222222222222222222222222222222222222
33333333333333333333333333333333333333333333333
44444444444444444444444444444444444444444444444
55555555555555555555555555555555555555555555555
11111111111111111111111111111111111111111111111
2222222222222222222222222222222222222222222222
33333333333333333333333333333333333333333333333
44444444444444444444444444444444444444444444444
55555555555555555555555555555555555555555555555
11111111111111111111111111111111111111111111111
2222222222222222222222222222222222222222222222
33333333333333333333333333333333333333333333333
44444444444444444444444444444444444444444444444
55555555555555555555555555555555555555555555555
11111111111111111111111111111111111111111111111
2222222222222222222222222222222222222222222222
33333333333333333333333333333333333333333333333
44444444444444444444444444444444444444444444444
55555555555555555555555555555555555555555555555
11111111111111111111111111111111111111111111111
2222222222222222222222222222222222222222222222
33333333333333333333333333333333333333333333333
44444444444444444444444444444444444444444444444
55555555555555555555555555555555555555555555555
11111111111111111111111111111111111111111111111
2222222222222222222222222222222222222222222222
33333333333333333333333333333333333333333333333
44444444444444444444444444444444444444444444444
55555555555555555555555555555555555555555555555
11111111111111111111111111111111111111111111111
2222222222222222222222222222222222222222222222
33333333333333333333333333333333333333333333333
44444444444444444444444444444444444444444444444
55555555555555555555555555555555555555555555555
11111111111111111111111111111111111111111111111
2222222222222222222222222222222222222222222222
33333333333333333333333333333333333333333333333
44444444444444444444444444444444444444444444444
55555555555555555555555555555555555555555555555
11111111111111111111111111111111111111111111111
2222222222222222222222222222222222222222222222
33333333333333333333333333333333333333333333333
44444444444444444444444444444444444444444444444
55555555555555555555555555555555555555555555555
11111111111111111111111111111111111111111111111
2222222222222222222222222222222222222222222222
33333333333333333333333333333333333333333333333
44444444444444444444444444444444444444444444444
55555555555555555555555555555555555555555555555
11111111111111111111111111111111111111111111111
2222222222222222222222222222222222222222222222
33333333333333333333333333333333333333333333333
44444444444444444444444444444444444444444444444
55555555555555555555555555555555555555555555555
11111111111111111111111111111111111111111111111
2222222222222222222222222222222222222222222222
33333333333333333333333333333333333333333333333
44444444444444444444444444444444444444444444444
55555555555555555555555555555555555555555555555
11111111111111111111111111111111111111111111111
2222222222222222222222222222222222222222222222
33333333333333333333333333333333333333333333333
44444444444444444444444444444444444444444444444
55555555555555555555555555555555555555555555555
11111111111111111111111111111111111111111111111
2222222222222222222222222222222222222222222222
33333333333333333333333333333333333333333333333
44444444444444444444444444444444444444444444444
55555555555555555555555555555555555555555555555
11111111111111111111111111111111111111111111111
2222222222222222222222222222222222222222222222
33333333333333333333333333333333333333333333333
44444444444444444444444444444444444444444444444
55555555555555555555555555555555555555555555555
11111111111111111111111111111111111111111111111
2222222222222222222222222222222222222222222222
33333333333333333333333333333333333333333333333
44444444444444444444444444444444444444444444444
55555555555555555555555555555555555555555555555
11111111111111111111111111111111111111111111111
2222222222222222222222222222222222222222222222
33333333333333333333333333333333333333333333333
44444444444444444444444444444444444444444444444
55555555555555555555555555555555555555555555555
11111111111111111111111111111111111111111111111
2222222222222222222222222222222222222222222222
33333333333333333333333333333333333333333333333
44444444444444444444444444444444444444444444444
55555555555555555555555555555555555555555555555
11111111111111111111111111111111111111111111111
2222222222222222222222222222222222222222222222
33333333333333333333333333333333333333333333333
44444444444444444444444444444444444444444444444
55555555555555555555555555555555555555555555555
11111111111111111111111111111111111111111111111
2222222222222222222222222222222222222222222222
33333333333333333333333333333333333333333333333
44444444444444444444444444444444444444444444444
55555555555555555555555555555555555555555555555
11111111111111111111111111111111111111111111111
2222222222222222222222222222222222222222222222
33333333333333333333333333333333333333333333333
44444444444444444444444444444444444444444444444
55555555555555555555555555555555555555555555555
11111111111111111111111111111111111111111111111
2222222222222222222222222222222222222222222222
33333333333333333333333333333333333333333333333
44444444444444444444444444444444444444444444444
55555555555555555555555555555555555555555555555
11111111111111111111111111111111111111111111111
2222222222222222222222222222222222222222222222
33333333333333333333333333333333333333333333333
44444444444444444444444444444444444444444444444
55555555555555555555555555555555555555555555555
11111111111111111111111111111111111111111111111
2222222222222222222222222222222222222222222222
33333333333333333333333333333333333333333333333
44444444444444444444444444444444444444444444444
55555555555555555555555555555555555555555555555
11111111111111111111111111111111111111111111111
2222222222222222222222222222222222222222222222
33333333333333333333333333333333333333333333333
44444444444444444444444444444444444444444444444
55555555555555555555555555555555555555555555555
11111111111111111111111111111111111111111111111
2222222222222222222222222222222222222222222222
33333333333333333333333333333333333333333333333
44444444444444444444444444444444444444444444444
55555555555555555555555555555555555555555555555
11111111111111111111111111111111111111111111111
2222222222222222222222222222222222222222222222
33333333333333333333333333333333333333333333333
44444444444444444444444444444444444444444444444
55555555555555555555555555555555555555555555555
11111111111111111111111111111111111111111111111
2222222222222222222222222222222222222222222222
33333333333333333333333333333333333333333333333
44444444444444444444444444444444444444444444444
55555555555555555555555555555555555555555555555
11111111111111111111111111111111111111111111111
2222222222222222222222222222222222222222222222
33333333333333333333333333333333333333333333333
44444444444444444444444444444444444444444444444
55555555555555555555555555555555555555555555555
11111111111111111111111111111111111111111111111
2222222222222222222222222222222222222222222222
33333333333333333333333333333333333333333333333
44444444444444444444444444444444444444444444444
55555555555555555555555555555555555555555555555
11111111111111111111111111111111111111111111111
2222222222222222222222222222222222222222222222
33333333333333333333333333333333333333333333333
44444444444444444444444444444444444444444444444
55555555555555555555555555555555555555555555555
11111111111111111111111111111111111111111111111
2222222222222222222222222222222222222222222222
33333333333333333333333333333333333333333333333
44444444444444444444444444444444444444444444444
55555555555555555555555555555555555555555555555
11111111111111111111111111111111111111111111111
2222222222222222222222222222222222222222222222
33333333333333333333333333333333333333333333333
44444444444444444444444444444444444444444444444
55555555555555555555555555555555555555555555555
11111111111111111111111111111111111111111111111
2222222222222222222222222222222222222222222222
33333333333333333333333333333333333333333333333
44444444444444444444444444444444444444444444444
55555555555555555555555555555555555555555555555
11111111111111111111111111111111111111111111111
2222222222222222222222222222222222222222222222
33333333333333333333333333333333333333333333333
44444444444444444444444444444444444444444444444
55555555555555555555555555555555555555555555555
11111111111111111111111111111111111111111111111
2222222222222222222222222222222222222222222222
33333333333333333333333333333333333333333333333
44444444444444444444444444444444444444444444444
55555555555555555555555555555555555555555555555
11111111111111111111111111111111111111111111111
2222222222222222222222222222222222222222222222
33333333333333333333333333333333333333333333333
44444444444444444444444444444444444444444444444
55555555555555555555555555555555555555555555555
11111111111111111111111111111111111111111111111
2222222222222222222222222222222222222222222222
33333333333333333333333333333333333333333333333
44444444444444444444444444444444444444444444444
55555555555555555555555555555555555555555555555
11111111111111111111111111111111111111111111111
2222222222222222222222222222222222222222222222
33333333333333333333333333333333333333333333333
44444444444444444444444444444444444444444444444
55555555555555555555555555555555555555555555555
11111111111111111111111111111111111111111111111
2222222222222222222222222222222222222222222222
33333333333333333333333333333333333333333333333
44444444444444444444444444444444444444444444444
55555555555555555555555555555555555555555555555
11111111111111111111111111111111111111111111111
2222222222222222222222222222222222222222222222
33333333333333333333333333333333333333333333333
44444444444444444444444444444444444444444444444
55555555555555555555555555555555555555555555555
11111111111111111111111111111111111111111111111
2222222222222222222222222222222222222222222222
33333333333333333333333333333333333333333333333
44444444444444444444444444444444444444444444444
55555555555555555555555555555555555555555555555
11111111111111111111111111111111111111111111111
2222222222222222222222222222222222222222222222
33333333333333333333333333333333333333333333333
44444444444444444444444444444444444444444444444
55555555555555555555555555555555555555555555555
11111111111111111111111111111111111111111111111
2222222222222222222222222222222222222222222222
33333333333333333333333333333333333333333333333
44444444444444444444444444444444444444444444444
55555555555555555555555555555555555555555555555
11111111111111111111111111111111111111111111111
2222222222222222222222222222222222222222222222
33333333333333333333333333333333333333333333333
44444444444444444444444444444444444444444444444
55555555555555555555555555555555555555555555555
11111111111111111111111111111111111111111111111
2222222222222222222222222222222222222222222222
33333333333333333333333333333333333333333333333
44444444444444444444444444444444444444444444444
55555555555555555555555555555555555555555555555
11111111111111111111111111111111111111111111111
2222222222222222222222222222222222222222222222
33333333333333333333333333333333333333333333333
44444444444444444444444444444444444444444444444
55555555555555555555555555555555555555555555555
11111111111111111111111111111111111111111111111
2222222222222222222222222222222222222222222222
33333333333333333333333333333333333333333333333
44444444444444444444444444444444444444444444444
55555555555555555555555555555555555555555555555
11111111111111111111111111111111111111111111111
2222222222222222222222222222222222222222222222
33333333333333333333333333333333333333333333333
44444444444444444444444444444444444444444444444
55555555555555555555555555555555555555555555555
11111111111111111111111111111111111111111111111
2222222222222222222222222222222222222222222222
33333333333333333333333333333333333333333333333
44444444444444444444444444444444444444444444444
55555555555555555555555555555555555555555555555
11111111111111111111111111111111111111111111111
2222222222222222222222222222222222222222222222
33333333333333333333333333333333333333333333333
44444444444444444444444444444444444444444444444
55555555555555555555555555555555555555555555555
11111111111111111111111111111111111111111111111
2222222222222222222222222222222222222222222222
33333333333333333333333333333333333333333333333
44444444444444444444444444444444444444444444444
55555555555555555555555555555555555555555555555
11111111111111111111111111111111111111111111111
2222222222222222222222222222222222222222222222
33333333333333333333333333333333333333333333333
44444444444444444444444444444444444444444444444
55555555555555555555555555555555555555555555555
11111111111111111111111111111111111111111111111
2222222222222222222222222222222222222222222222
33333333333333333333333333333333333333333333333
44444444444444444444444444444444444444444444444
55555555555555555555555555555555555555555555555
11111111111111111111111111111111111111111111111
2222222222222222222222222222222222222222222222
33333333333333333333333333333333333333333333333
44444444444444444444444444444444444444444444444
55555555555555555555555555555555555555555555555
11111111111111111111111111111111111111111111111
2222222222222222222222222222222222222222222222
33333333333333333333333333333333333333333333333
44444444444444444444444444444444444444444444444
55555555555555555555555555555555555555555555555
11111111111111111111111111111111111111111111111
2222222222222222222222222222222222222222222222
33333333333333333333333333333333333333333333333
44444444444444444444444444444444444444444444444
55555555555555555555555555555555555555555555555
11111111111111111111111111111111111111111111111
2222222222222222222222222222222222222222222222
33333333333333333333333333333333333333333333333
44444444444444444444444444444444444444444444444
55555555555555555555555555555555555555555555555
11111111111111111111111111111111111111111111111
2222222222222222222222222222222222222222222222
33333333333333333333333333333333333333333333333
44444444444444444444444444444444444444444444444
55555555555555555555555555555555555555555555555
11111111111111111111111111111111111111111111111
2222222222222222222222222222222222222222222222
33333333333333333333333333333333333333333333333
44444444444444444444444444444444444444444444444
55555555555555555555555555555555555555555555555
11111111111111111111111111111111111111111111111
2222222222222222222222222222222222222222222222
33333333333333333333333333333333333333333333333
44444444444444444444444444444444444444444444444
55555555555555555555555555555555555555555555555
11111111111111111111111111111111111111111111111
2222222222222222222222222222222222222222222222
33333333333333333333333333333333333333333333333
44444444444444444444444444444444444444444444444
55555555555555555555555555555555555555555555555
11111111111111111111111111111111111111111111111
2222222222222222222222222222222222222222222222
33333333333333333333333333333333333333333333333
44444444444444444444444444444444444444444444444
55555555555555555555555555555555555555555555555
11111111111111111111111111111111111111111111111
2222222222222222222222222222222222222222222222
33333333333333333333333333333333333333333333333
44444444444444444444444444444444444444444444444
55555555555555555555555555555555555555555555555
11111111111111111111111111111111111111111111111
2222222222222222222222222222222222222222222222
33333333333333333333333333333333333333333333333
44444444444444444444444444444444444444444444444
55555555555555555555555555555555555555555555555
11111111111111111111111111111111111111111111111
2222222222222222222222222222222222222222222222
33333333333333333333333333333333333333333333333
44444444444444444444444444444444444444444444444
55555555555555555555555555555555555555555555555
11111111111111111111111111111111111111111111111
2222222222222222222222222222222222222222222222
33333333333333333333333333333333333333333333333
44444444444444444444444444444444444444444444444
55555555555555555555555555555555555555555555555
11111111111111111111111111111111111111111111111
2222222222222222222222222222222222222222222222
33333333333333333333333333333333333333333333333
44444444444444444444444444444444444444444444444
55555555555555555555555555555555555555555555555
11111111111111111111111111111111111111111111111
2222222222222222222222222222222222222222222222
33333333333333333333333333333333333333333333333
44444444444444444444444444444444444444444444444
55555555555555555555555555555555555555555555555
11111111111111111111111111111111111111111111111
2222222222222222222222222222222222222222222222
33333333333333333333333333333333333333333333333
44444444444444444444444444444444444444444444444
55555555555555555555555555555555555555555555555
